[backblue.gif]
[fade.gif]
[index.html]
[results.o2cm.com/individualc0ff.html]
[results.o2cm.com/compdb.css]
[results.o2cm.com/scoresheet3ca86.html]
[results.o2cm.com/scoresheet336c0.html]
[results.o2cm.com/scoresheet3e02f.html]
[results.o2cm.com/scoresheet38335.html]
[results.o2cm.com/scoresheet3a573.html]
[results.o2cm.com/scoresheet3695c.html]
[results.o2cm.com/scoresheet33319.html]
[results.o2cm.com/scoresheet30ad2.html]
[results.o2cm.com/scoresheet396c5.html]
[results.o2cm.com/scoresheet3bb30.html]
[results.o2cm.com/scoresheet3f16e.html]
[results.o2cm.com/scoresheet3d02f.html]
[results.o2cm.com/scoresheet3ec8f.html]
[results.o2cm.com/scoresheet358e9.html]
[results.o2cm.com/scoresheet38eea.html]
[results.o2cm.com/scoresheet36507.html]
[results.o2cm.com/scoresheet333bb.html]
[results.o2cm.com/scoresheet35117.html]
[results.o2cm.com/scoresheet3c156.html]
[results.o2cm.com/scoresheet38fe6.html]
[results.o2cm.com/scoresheet31592.html]
[results.o2cm.com/scoresheet35b4c.html]
[results.o2cm.com/scoresheet36240.html]
[results.o2cm.com/scoresheet331d1.html]
[results.o2cm.com/scoresheet3e91a.html]
[results.o2cm.com/scoresheet31db7.html]
[results.o2cm.com/scoresheet387b9.html]
[results.o2cm.com/scoresheet328ce.html]
[results.o2cm.com/scoresheet3a635.html]
[results.o2cm.com/scoresheet3f98b.html]
[results.o2cm.com/scoresheet38ffb.html]
[results.o2cm.com/scoresheet3307a.html]
[results.o2cm.com/scoresheet3bf11.html]
[results.o2cm.com/scoresheet3ac37.html]
[results.o2cm.com/scoresheet334f5.html]
[results.o2cm.com/scoresheet346a0.html]
[results.o2cm.com/scoresheet37fc8.html]
[results.o2cm.com/scoresheet3c715.html]
[results.o2cm.com/images/bkgd.html]
